// Jest Snapshot v1, https://goo.gl/fbAQLP

exports[`show subtasks should be able to change the title of parent from subtask: nvFwliir81dQSzoa7xPXaq0E1lauH674-err 1`] = `
Array [
  Array [
    "[?25l",
  ],
  Array [
    "[?25h",
  ],
]
`;

exports[`show subtasks should be able to change the title of parent from subtask: nvFwliir81dQSzoa7xPXaq0E1lauH674-exit 1`] = `Array []`;

exports[`show subtasks should be able to change the title of parent from subtask: nvFwliir81dQSzoa7xPXaq0E1lauH674-out 1`] = `
Array [
  Array [
    "[?25l",
  ],
  Array [
    "◼ This task will execute.
",
  ],
  Array [
    "[2K[1A[2K[G",
  ],
  Array [
    "◼ This task will execute.
",
  ],
  Array [
    "[2K[1A[2K[G",
  ],
  Array [
    "❯ This task will execute.
",
  ],
  Array [
    "[2K[1A[2K[G",
  ],
  Array [
    "❯ This task will execute.
",
  ],
  Array [
    "[2K[1A[2K[G",
  ],
  Array [
    "❯ This task will execute.
  ◼ This is a subtask.
",
  ],
  Array [
    "[2K[1A[2K[1A[2K[G",
  ],
  Array [
    "❯ This task will execute.
  ◼ This is a subtask.
  ◼ This is a subtask.
",
  ],
  Array [
    "[2K[1A[2K[1A[2K[1A[2K[G",
  ],
  Array [
    "❯ This task will execute.
  ◼ This is a subtask.
  ◼ This is a subtask.
",
  ],
  Array [
    "[2K[1A[2K[1A[2K[1A[2K[G",
  ],
  Array [
    "❯ This task will execute.
  ◼ This is a subtask.
  ◼ This is a subtask.
",
  ],
  Array [
    "[2K[1A[2K[1A[2K[1A[2K[G",
  ],
  Array [
    "❯ This task will execute.
  ❯ This is a subtask.
  ◼ This is a subtask.
",
  ],
  Array [
    "[2K[1A[2K[1A[2K[1A[2K[G",
  ],
  Array [
    "❯ Title changed from subtask.
  ❯ This is a subtask.
  ◼ This is a subtask.
",
  ],
  Array [
    "[2K[1A[2K[1A[2K[1A[2K[G",
  ],
  Array [
    "❯ Title changed from subtask.
  ❯ This is a subtask.
  ◼ This is a subtask.
",
  ],
  Array [
    "[2K[1A[2K[1A[2K[1A[2K[G",
  ],
  Array [
    "❯ Title changed from subtask.
  ✔ This is a subtask.
  ◼ This is a subtask.
",
  ],
  Array [
    "[2K[1A[2K[1A[2K[1A[2K[G",
  ],
  Array [
    "❯ Title changed from subtask.
  ✔ This is a subtask.
  ◼ This is a subtask.
",
  ],
  Array [
    "[2K[1A[2K[1A[2K[1A[2K[G",
  ],
  Array [
    "❯ Title changed from subtask.
  ✔ This is a subtask.
  ❯ This is a subtask.
",
  ],
  Array [
    "[2K[1A[2K[1A[2K[1A[2K[G",
  ],
  Array [
    "❯ Title changed from subtask.
  ✔ This is a subtask.
  ❯ This is a subtask.
",
  ],
  Array [
    "[2K[1A[2K[1A[2K[1A[2K[G",
  ],
  Array [
    "❯ Title changed from subtask.
  ✔ This is a subtask.
  ✔ This is a subtask.
",
  ],
  Array [
    "[2K[1A[2K[1A[2K[1A[2K[G",
  ],
  Array [
    "❯ Title changed from subtask.
  ✔ This is a subtask.
  ✔ This is a subtask.
",
  ],
  Array [
    "[2K[1A[2K[1A[2K[1A[2K[G",
  ],
  Array [
    "✔ Title changed from subtask.
",
  ],
  Array [
    "[?25h",
  ],
]
`;

exports[`show subtasks should be able to skip parent from subtask: OCO3TQJ8pmRRRbv018gpCLgSEDnvFBOz-err 1`] = `Array []`;

exports[`show subtasks should be able to skip parent from subtask: OCO3TQJ8pmRRRbv018gpCLgSEDnvFBOz-exit 1`] = `Array []`;

exports[`show subtasks should be able to skip parent from subtask: OCO3TQJ8pmRRRbv018gpCLgSEDnvFBOz-out 1`] = `Array []`;
